BL51 BANKED LINKER/LOCATER V5.03                                                        03/29/2022  11:29:57  PAGE 1


BL51 BANKED LINKER/LOCATER V5.03, INVOKED BY:
G:\KEIL C51\C51\BIN\BL51.EXE .\obj\delay.obj, .\obj\1602.obj, .\obj\main.obj TO .\obj\ÕÐ²ÆÃ¨ PRINT (.\obj\ÕÐ²ÆÃ¨.m51) RA
>> MSIZE (256)


MEMORY MODEL: SMALL


INPUT MODULES INCLUDED:
  .\obj\delay.obj (DELAY)
  .\obj\1602.obj (1602)
  .\obj\main.obj (MAIN)
  G:\KEIL C51\C51\LIB\C51S.LIB (?C_STARTUP)
  G:\KEIL C51\C51\LIB\C51S.LIB (?C?CLDPTR)


LINK MAP OF MODULE:  .\obj\ÕÐ²ÆÃ¨ (DELAY)


            TYPE    BASE      LENGTH    RELOCATION   SEGMENT NAME
            -----------------------------------------------------

            * * * * * * *   D A T A   M E M O R Y   * * * * * * *
            REG     0000H     0008H     ABSOLUTE     "REG BANK 0"
            DATA    0008H     0004H     UNIT         ?DT?_LCD_WRITE_STRING?1602
            DATA    000CH     0003H     UNIT         _DATA_GROUP_
            IDATA   000FH     0001H     UNIT         ?STACK

            * * * * * * *   C O D E   M E M O R Y   * * * * * * *
            CODE    0000H     0003H     ABSOLUTE     
            CODE    0003H     003CH     UNIT         ?PR?LCD_INIT?1602
            CODE    003FH     0036H     UNIT         ?PR?_LCD_WRITE_STRING?1602
            CODE    0075H     001AH     UNIT         ?PR?_LCD_WRITE_CHAR?1602
            CODE    008FH     0019H     UNIT         ?C?LIB_CODE
            CODE    00A8H     0015H     UNIT         ?PR?_DELAYMS?DELAY
            CODE    00BDH     0014H     UNIT         ?PR?_LCD_WRITE_COM?1602
            CODE    00D1H     0014H     UNIT         ?PR?_LCD_WRITE_DATA?1602
            CODE    00E5H     0010H     UNIT         ?PR?LCD_CHECK_BUSY?1602
            CODE    00F5H     000CH     UNIT         ?PR?MAIN?MAIN
            CODE    0101H     000CH     UNIT         ?C_C51STARTUP
            CODE    010DH     000AH     UNIT         ?PR?LCD_CLEAR?1602
            CODE    0117H     0003H     UNIT         ?PR?_DELAYUS2X?DELAY



OVERLAY MAP OF MODULE:   .\obj\ÕÐ²ÆÃ¨ (DELAY)


SEGMENT                              DATA_GROUP 
  +--> CALLED SEGMENT              START    LENGTH
--------------------------------------------------
?C_C51STARTUP                      -----    -----
  +--> ?PR?MAIN?MAIN

?PR?MAIN?MAIN                      -----    -----
  +--> ?PR?LCD_INIT?1602
  +--> ?PR?_LCD_WRITE_CHAR?1602

BL51 BANKED LINKER/LOCATER V5.03                                                      03/29/2022  11:29:57  PAGE 2


?PR?LCD_INIT?1602                  -----    -----
  +--> ?PR?_LCD_WRITE_COM?1602
  +--> ?PR?_DELAYMS?DELAY

?PR?_LCD_WRITE_COM?1602            000EH    0001H
  +--> ?PR?_DELAYMS?DELAY

?PR?_DELAYMS?DELAY                 -----    -----
  +--> ?PR?_DELAYUS2X?DELAY

?PR?_LCD_WRITE_CHAR?1602           000CH    0002H
  +--> ?PR?_LCD_WRITE_COM?1602
  +--> ?PR?_LCD_WRITE_DATA?1602

?PR?_LCD_WRITE_DATA?1602           000EH    0001H
  +--> ?PR?_DELAYMS?DELAY



SYMBOL TABLE OF MODULE:  .\obj\ÕÐ²ÆÃ¨ (DELAY)

  VALUE           TYPE          NAME
  ----------------------------------

  -------         MODULE        DELAY
  C:0000H         SYMBOL        _ICE_DUMMY_
  C:00A8H         PUBLIC        _DelayMs
  C:0117H         PUBLIC        _DelayUs2x
  -------         PROC          _DELAYUS2X
  D:0007H         SYMBOL        t
  C:0117H         LINE#         8
  C:0117H         LINE#         9
  C:0117H         LINE#         10
  C:0119H         LINE#         11
  -------         ENDPROC       _DELAYUS2X
  -------         PROC          _DELAYMS
  D:0006H         SYMBOL        t
  C:00A8H         LINE#         17
  C:00AAH         LINE#         18
  C:00AAH         LINE#         20
  C:00B0H         LINE#         21
  C:00B0H         LINE#         23
  C:00B5H         LINE#         24
  C:00BAH         LINE#         25
  C:00BCH         LINE#         26
  -------         ENDPROC       _DELAYMS
  -------         ENDMOD        DELAY

  -------         MODULE        1602
  C:0000H         SYMBOL        _ICE_DUMMY_
  C:00D1H         PUBLIC        _LCD_Write_Data
  D:0080H         PUBLIC        P0
  D:0090H         PUBLIC        P1
  D:00A0H         PUBLIC        P2
  C:0075H         PUBLIC        _LCD_Write_Char
  D:00B0H         PUBLIC        P3
  D:00A8H         PUBLIC        IE
BL51 BANKED LINKER/LOCATER V5.03                                                      03/29/2022  11:29:57  PAGE 3


  B:00A0H.6       PUBLIC        EN
  D:00B8H         PUBLIC        IP
  C:00E5H         PUBLIC        LCD_Check_Busy
  C:010DH         PUBLIC        LCD_Clear
  C:00BDH         PUBLIC        _LCD_Write_Com
  B:00A0H.4       PUBLIC        RS
  B:00A0H.5       PUBLIC        RW
  D:0098H         PUBLIC        SCON
  D:0088H         PUBLIC        TCON
  C:0003H         PUBLIC        LCD_Init
  D:00C8H         PUBLIC        T2CON
  D:00D0H         PUBLIC        PSW
  C:003FH         PUBLIC        _LCD_Write_String
  -------         PROC          LCD_CHECK_BUSY
  C:00E5H         LINE#         6
  C:00E5H         LINE#         7
  C:00E5H         LINE#         8
  C:00E8H         LINE#         9
  C:00EAH         LINE#         10
  C:00ECH         LINE#         11
  C:00EEH         LINE#         12
  C:00EFH         LINE#         13
  C:00F1H         LINE#         14
  C:00F4H         LINE#         15
  -------         ENDPROC       LCD_CHECK_BUSY
  -------         PROC          _LCD_WRITE_COM
  D:000EH         SYMBOL        com
  C:00BDH         LINE#         19
  C:00BFH         LINE#         20
  C:00BFH         LINE#         22
  C:00C4H         LINE#         23
  C:00C6H         LINE#         24
  C:00C8H         LINE#         25
  C:00CAH         LINE#         26
  C:00CDH         LINE#         27
  C:00CEH         LINE#         28
  C:00D0H         LINE#         29
  -------         ENDPROC       _LCD_WRITE_COM
  -------         PROC          _LCD_WRITE_DATA
  D:000EH         SYMBOL        Data
  C:00D1H         LINE#         33
  C:00D3H         LINE#         34
  C:00D3H         LINE#         36
  C:00D8H         LINE#         37
  C:00DAH         LINE#         38
  C:00DCH         LINE#         39
  C:00DEH         LINE#         40
  C:00E1H         LINE#         41
  C:00E2H         LINE#         42
  C:00E4H         LINE#         43
  -------         ENDPROC       _LCD_WRITE_DATA
  -------         PROC          LCD_CLEAR
  C:010DH         LINE#         48
  C:010DH         LINE#         49
  C:010DH         LINE#         50
  C:0112H         LINE#         51
  -------         ENDPROC       LCD_CLEAR
BL51 BANKED LINKER/LOCATER V5.03                                                      03/29/2022  11:29:57  PAGE 4


  -------         PROC          _LCD_WRITE_STRING
  D:0008H         SYMBOL        x
  D:0005H         SYMBOL        y
  D:0009H         SYMBOL        s
  C:003FH         LINE#         56
  C:0047H         LINE#         57
  C:0047H         LINE#         58
  C:004AH         LINE#         59
  C:004AH         LINE#         60
  C:004EH         LINE#         61
  C:0050H         LINE#         63
  C:0050H         LINE#         64
  C:0058H         LINE#         65
  C:0058H         LINE#         66
  C:0064H         LINE#         67
  C:0064H         LINE#         68
  C:0067H         LINE#         69
  C:0072H         LINE#         70
  C:0074H         LINE#         71
  -------         ENDPROC       _LCD_WRITE_STRING
  -------         PROC          _LCD_WRITE_CHAR
  D:000CH         SYMBOL        x
  D:0005H         SYMBOL        y
  D:000DH         SYMBOL        Data
  C:0075H         LINE#         75
  C:0079H         LINE#         76
  C:0079H         LINE#         77
  C:007CH         LINE#         78
  C:007CH         LINE#         79
  C:0080H         LINE#         80
  C:0082H         LINE#         82
  C:0082H         LINE#         83
  C:008AH         LINE#         84
  C:008AH         LINE#         85
  -------         ENDPROC       _LCD_WRITE_CHAR
  -------         PROC          LCD_INIT
  C:0003H         LINE#         90
  C:0003H         LINE#         91
  C:0003H         LINE#         92
  C:0008H         LINE#         93
  C:000DH         LINE#         94
  C:0012H         LINE#         95
  C:0017H         LINE#         96
  C:001CH         LINE#         97
  C:0021H         LINE#         98
  C:0026H         LINE#         99
  C:002BH         LINE#         100
  C:0030H         LINE#         101
  C:0035H         LINE#         102
  C:003AH         LINE#         103
  -------         ENDPROC       LCD_INIT
  -------         ENDMOD        1602

  -------         MODULE        MAIN
  C:0000H         SYMBOL        _ICE_DUMMY_
  D:0090H         PUBLIC        P1
  D:00A0H         PUBLIC        P2
BL51 BANKED LINKER/LOCATER V5.03                                                      03/29/2022  11:29:57  PAGE 5


  D:00B0H         PUBLIC        P3
  D:00A8H         PUBLIC        IE
  D:00B8H         PUBLIC        IP
  C:00F5H         PUBLIC        main
  D:0098H         PUBLIC        SCON
  D:0088H         PUBLIC        TCON
  D:00C8H         PUBLIC        T2CON
  D:00D0H         PUBLIC        PSW
  -------         PROC          MAIN
  C:00F5H         LINE#         3
  C:00F5H         LINE#         4
  C:00F5H         LINE#         5
  C:00F8H         LINE#         6
  -------         ENDPROC       MAIN
  -------         ENDMOD        MAIN

  -------         MODULE        ?C?CLDPTR
  C:008FH         PUBLIC        ?C?CLDPTR
  -------         ENDMOD        ?C?CLDPTR

*** WARNING L16: UNCALLED SEGMENT, IGNORED FOR OVERLAY PROCESS
    SEGMENT: ?PR?LCD_CHECK_BUSY?1602

*** WARNING L16: UNCALLED SEGMENT, IGNORED FOR OVERLAY PROCESS
    SEGMENT: ?PR?LCD_CLEAR?1602

*** WARNING L16: UNCALLED SEGMENT, IGNORED FOR OVERLAY PROCESS
    SEGMENT: ?PR?_LCD_WRITE_STRING?1602

Program Size: data=16.0 xdata=0 code=282
LINK/LOCATE RUN COMPLETE.  3 WARNING(S),  0 ERROR(S)
