C51 COMPILER V9.60.0.0   MAIN                                                              11/06/2022 14:05:33 PAGE 1   


C51 COMPILER V9.60.0.0, COMPILATION OF MODULE MAIN
OBJECT MODULE PLACED IN main.OBJ
COMPILER INVOKED BY: D:\soft\Keil5\C51\BIN\C51.EXE main.c OPTIMIZE(8,SPEED) BROWSE DEBUG OBJECTEXTEND

line level    source

   1          #include <reg51.h>
   2          #include <delay.h>
   3          #include <18b20.h>
   4          #include <1602.h>
   5          
   6          
   7          void main()
   8          { unsigned int temp,temp_; 
   9   1        float t;
  10   1        int i; 
  11   1        LCD_Init(); 
  12   1        while(1)
  13   1        {
  14   2           temp=ReadTemperature();  //采集一次温度值
  15   2           // t=(~temp+1)*0.0625; //-20.0625
  16   2                //t=temp*0.0625; //20.0625
  17   2               // LCD_Write_Char(0,0,'-');
  18   2           // LCD_Write_Char(1,0,t/10+'0'); //shiwei
  19   2               // LCD_Write_Char(2,0,(int)t%10+'0');
  20   2               // LCD_Write_Char(3,0,'.');
  21   2               // LCD_Write_Char(4,0,(int)(t*10)%10+'0');//'0'为了显示
  22   2           // LCD_Write_Char(5,0,(long int)(t*100)%10+'0');//'0'为了显示
  23   2               // LCD_Write_Char(6,0,(long)(t*1000)%10+'0');//'0'为了显示
  24   2               // LCD_Write_Char(7,0,(long)(t*10000)%10+'0');//'0'为了显示
  25   2      
  26   2      //       if(temp==0x00)
  27   2              //{
  28   2                t=temp*0.0625; //20.0625
  29   2                LCD_Write_Char(0,0,'+');
  30   2            LCD_Write_Char(1,0,t/10+'0'); //shiwei
  31   2                LCD_Write_Char(2,0,(int)t%10+'0');
  32   2                LCD_Write_Char(3,0,'.');
  33   2                LCD_Write_Char(4,0,(int)(t*10)%10+'0');//'0'为了显示
  34   2            LCD_Write_Char(5,0,(long int)(t*100)%10+'0');//'0'为了显示
  35   2                LCD_Write_Char(6,0,(long)(t*1000)%10+'0');//'0'为了显示
  36   2                LCD_Write_Char(7,0,(long)(t*10000)%10+'0');//'0'为了显示
  37   2               //}
  38   2           for(i=0;i<100;i++)
  39   2           {DelayMs(100);}//延时10s=100ms*100
  40   2        }
  41   1       }
*** WARNING C280 IN LINE 8 OF main.c: 'temp_': unreferenced local variable


MODULE INFORMATION:   STATIC OVERLAYABLE
   CODE SIZE        =    313    ----
   CONSTANT SIZE    =   ----    ----
   XDATA SIZE       =   ----    ----
   PDATA SIZE       =   ----    ----
   DATA SIZE        =   ----       8
   IDATA SIZE       =   ----    ----
   BIT SIZE         =   ----    ----
END OF MODULE INFORMATION.


C51 COMPILATION COMPLETE.  1 WARNING(S),  0 ERROR(S)
